Set include directory: ../include
Compiling source1.ssl
